// Jest Snapshot v1, https://goo.gl/fbAQLP

exports[`renders correctly 1`] = `
<header
  className="sc-bwzfXH htoLMg ant-layout-header"
>
  <h1
    className="sc-htpNat gQPDbF"
  >
    ataccama-task
  </h1>
  <div
    className="sc-bdVaJa NIJn"
  >
    <span>
      <em>
        No File Selected
      </em>
    </span>
    <button
      className="ant-btn ant-btn-ghost ant-btn-round"
      onClick={[Function]}
      type="button"
    >
      <span>
        Clear
      </span>
    </button>
  </div>
</header>
`;
